Token(type=VAR, lexeme=var, literal=null, line=1)
Token(type=IDENTIFIER, lexeme=single, literal=null, line=1)
Token(type=EQUAL, lexeme==, literal=null, line=1)
Token(type=STRING, lexeme="hello", literal=hello, line=1)
Token(type=VAR, lexeme=var, literal=null, line=2)
Token(type=IDENTIFIER, lexeme=sentence, literal=null, line=2)
Token(type=EQUAL, lexeme==, literal=null, line=2)
Token(type=STRING, lexeme="The quick brown fox jumps over 123 lazy dogs!", literal=The quick brown fox jumps over 123 lazy dogs!, line=2)
Token(type=VAR, lexeme=var, literal=null, line=3)
Token(type=IDENTIFIER, lexeme=empty_str, literal=null, line=3)
Token(type=EQUAL, lexeme==, literal=null, line=3)
Token(type=STRING, lexeme="", literal=, line=3)
Token(type=EOF, lexeme=, literal=null, line=3)
