Token(type=IDENTIFIER, lexeme=var, literal=null, line=1)
Token(type=IDENTIFIER, lexeme=if, literal=null, line=1)
Token(type=ELSE, lexeme=else, literal=null, line=1)
Token(type=IDENTIFIER, lexeme=while, literal=null, line=2)
Token(type=IDENTIFIER, lexeme=print, literal=null, line=2)
Token(type=PRODUCT, lexeme=product, literal=null, line=3)
Token(type=CALCULATE, lexeme=calculate, literal=null, line=3)
Token(type=SHOW, lexeme=show, literal=null, line=3)
Token(type=CHECK, lexeme=check, literal=null, line=4)
Token(type=ELSE, lexeme=else, literal=null, line=4)
Token(type=TRUE, lexeme=true, literal=null, line=5)
Token(type=FALSE, lexeme=false, literal=null, line=5)
Token(type=NIL, lexeme=nil, literal=null, line=5)
Token(type=EOF, lexeme=, literal=null, line=5)