Token(type=PRODUCT, lexeme=product, literal=null, line=1)
Token(type=IDENTIFIER, lexeme=soda, literal=null, line=1)
Token(type=PRICE, lexeme=price, literal=null, line=1)
Token(type=NUMBER, lexeme=25, literal=25, line=1)
Token(type=STOCK, lexeme=stock, literal=null, line=1)
Token(type=NUMBER, lexeme=30, literal=30, line=1)
Token(type=SELL, lexeme=sell, literal=null, line=2)
Token(type=IDENTIFIER, lexeme=soda, literal=null, line=2)
Token(type=QUANTITY, lexeme=quantity, literal=null, line=2)
Token(type=NUMBER, lexeme=3, literal=3, line=2)
Token(type=RESTOCK, lexeme=restock, literal=null, line=3)
Token(type=IDENTIFIER, lexeme=soda, literal=null, line=3)
Token(type=QUANTITY, lexeme=quantity, literal=null, line=3)
Token(type=NUMBER, lexeme=12, literal=12, line=3)
Token(type=COST, lexeme=cost, literal=null, line=3)
Token(type=NUMBER, lexeme=240, literal=240, line=3)
Token(type=EXPENSE, lexeme=expense, literal=null, line=4)
Token(type=IDENTIFIER, lexeme=electricity, literal=null, line=4)
Token(type=COST, lexeme=cost, literal=null, line=4)
Token(type=NUMBER, lexeme=150, literal=150, line=4)
Token(type=CALCULATE, lexeme=calculate, literal=null, line=5)
Token(type=REVENUE, lexeme=revenue, literal=null, line=5)
Token(type=CALCULATE, lexeme=calculate, literal=null, line=6)
Token(type=PROFIT, lexeme=profit, literal=null, line=6)
Token(type=SHOW, lexeme=show, literal=null, line=7)
Token(type=STRING, lexeme="Daily profit:", literal=Daily profit:, line=7)
Token(type=CHECK, lexeme=check, literal=null, line=8)
Token(type=STOCK, lexeme=stock, literal=null, line=8)
Token(type=IDENTIFIER, lexeme=soda, literal=null, line=8)
Token(type=LESS, lexeme=<, literal=null, line=8)
Token(type=NUMBER, lexeme=5, literal=5, line=8)
Token(type=LEFT_BRACE, lexeme={, literal=null, line=8)
Token(type=SHOW, lexeme=show, literal=null, line=9)
Token(type=STRING, lexeme="Restock soda.", literal=Restock soda., line=9)
Token(type=RIGHT_BRACE, lexeme=}, literal=null, line=10)
Token(type=ELSE, lexeme=else, literal=null, line=10)
Token(type=LEFT_BRACE, lexeme={, literal=null, line=10)
Token(type=SHOW, lexeme=show, literal=null, line=11)
Token(type=STRING, lexeme="Soda stock is sufficient.", literal=Soda stock is sufficient., line=11)
Token(type=RIGHT_BRACE, lexeme=}, literal=null, line=12)
Token(type=EOF, lexeme=, literal=null, line=12)
